Archive member included to satisfy reference by file (symbol)

/usr/lib/gcc/i686-pc-cygwin/6.3.0/../../../libcygwin.a(d000026.o)
                              (__imp____cxa_atexit)
/usr/lib/gcc/i686-pc-cygwin/6.3.0/../../../libcygwin.a(d000071.o)
                              (__imp____getreent)
/usr/lib/gcc/i686-pc-cygwin/6.3.0/../../../libcygwin.a(d000081.o)
                              (__imp____main)
/usr/lib/gcc/i686-pc-cygwin/6.3.0/../../../libcygwin.a(d001196.o)
                              (__imp__getc)
/usr/lib/gcc/i686-pc-cygwin/6.3.0/../../../libcygwin.a(d001612.o)
                              (__imp__printf)
/usr/lib/gcc/i686-pc-cygwin/6.3.0/../../../libcygwin.a(t-d000026.o)
                              /usr/lib/gcc/i686-pc-cygwin/6.3.0/crtbegin.o (__cxa_atexit)
/usr/lib/gcc/i686-pc-cygwin/6.3.0/../../../libcygwin.a(t-d000071.o)
                              /cygdrive/c/Users/CHRIST~1.CHI/AppData/Local/Temp/ccFqCIxj.o (__getreent)
/usr/lib/gcc/i686-pc-cygwin/6.3.0/../../../libcygwin.a(t-d000081.o)
                              /cygdrive/c/Users/CHRIST~1.CHI/AppData/Local/Temp/ccFqCIxj.o (__main)
/usr/lib/gcc/i686-pc-cygwin/6.3.0/../../../libcygwin.a(t-d001196.o)
                              /cygdrive/c/Users/CHRIST~1.CHI/AppData/Local/Temp/ccFqCIxj.o (getc)
/usr/lib/gcc/i686-pc-cygwin/6.3.0/../../../libcygwin.a(t-d001612.o)
                              /cygdrive/c/Users/CHRIST~1.CHI/AppData/Local/Temp/ccFqCIxj.o (printf)
/usr/lib/gcc/i686-pc-cygwin/6.3.0/../../../libcygwin.a(cygwin_crt0.o)
                              /usr/lib/gcc/i686-pc-cygwin/6.3.0/../../../crt0.o (cygwin_crt0)
/usr/lib/gcc/i686-pc-cygwin/6.3.0/../../../libcygwin.a(premain0.o)
                              /usr/lib/gcc/i686-pc-cygwin/6.3.0/../../../crt0.o (cygwin_premain0)
/usr/lib/gcc/i686-pc-cygwin/6.3.0/../../../libcygwin.a(premain1.o)
                              /usr/lib/gcc/i686-pc-cygwin/6.3.0/../../../crt0.o (cygwin_premain1)
/usr/lib/gcc/i686-pc-cygwin/6.3.0/../../../libcygwin.a(premain2.o)
                              /usr/lib/gcc/i686-pc-cygwin/6.3.0/../../../crt0.o (cygwin_premain2)
/usr/lib/gcc/i686-pc-cygwin/6.3.0/../../../libcygwin.a(premain3.o)
                              /usr/lib/gcc/i686-pc-cygwin/6.3.0/../../../crt0.o (cygwin_premain3)
/usr/lib/gcc/i686-pc-cygwin/6.3.0/../../../libcygwin.a(d000000.o)
                              /usr/lib/gcc/i686-pc-cygwin/6.3.0/../../../libcygwin.a(d000026.o) (_head_cygwin1_dll)
/usr/lib/gcc/i686-pc-cygwin/6.3.0/../../../libcygwin.a(d000204.o)
                              /usr/lib/gcc/i686-pc-cygwin/6.3.0/../../../libcygwin.a(cygwin_crt0.o) (_imp___dll_crt0@0)
/usr/lib/gcc/i686-pc-cygwin/6.3.0/../../../libcygwin.a(d002277.o)
                              /usr/lib/gcc/i686-pc-cygwin/6.3.0/../../../libcygwin.a(d000000.o) (cygwin1_dll_iname)
/usr/lib/gcc/i686-pc-cygwin/6.3.0/../../../libcygwin.a(_cygwin_crt0_common.o)
                              /usr/lib/gcc/i686-pc-cygwin/6.3.0/../../../libcygwin.a(cygwin_crt0.o) (_cygwin_crt0_common@8)
/usr/lib/gcc/i686-pc-cygwin/6.3.0/../../../libcygwin.a(dll_entry.o)
                              /usr/lib/gcc/i686-pc-cygwin/6.3.0/../../../libcygwin.a(_cygwin_crt0_common.o) (__dynamically_loaded)
/usr/lib/gcc/i686-pc-cygwin/6.3.0/../../../libcygwin.a(dll_main.o)
                              /usr/lib/gcc/i686-pc-cygwin/6.3.0/../../../libcygwin.a(dll_entry.o) (DllMain@12)
/usr/lib/gcc/i686-pc-cygwin/6.3.0/../../../libcygwin.a(pseudo-reloc-dummy.o)
                              /usr/lib/gcc/i686-pc-cygwin/6.3.0/../../../libcygwin.a(_cygwin_crt0_common.o) (_pei386_runtime_relocator)
/usr/lib/gcc/i686-pc-cygwin/6.3.0/../../../libcygwin.a(d000389.o)
                              /usr/lib/gcc/i686-pc-cygwin/6.3.0/../../../libcygwin.a(_cygwin_crt0_common.o) (_imp___impure_ptr)
/usr/lib/gcc/i686-pc-cygwin/6.3.0/../../../libcygwin.a(d000810.o)
                              (__imp__calloc)
/usr/lib/gcc/i686-pc-cygwin/6.3.0/../../../libcygwin.a(d000940.o)
                              (__imp__cygwin_detach_dll)
/usr/lib/gcc/i686-pc-cygwin/6.3.0/../../../libcygwin.a(d000942.o)
                              (__imp__cygwin_internal)
/usr/lib/gcc/i686-pc-cygwin/6.3.0/../../../libcygwin.a(d001137.o)
                              (__imp__free)
/usr/lib/gcc/i686-pc-cygwin/6.3.0/../../../libcygwin.a(d001470.o)
                              (__imp__malloc)
/usr/lib/gcc/i686-pc-cygwin/6.3.0/../../../libcygwin.a(d001577.o)
                              (__imp__posix_memalign)
/usr/lib/gcc/i686-pc-cygwin/6.3.0/../../../libcygwin.a(d001755.o)
                              (__imp__realloc)
/usr/lib/gcc/i686-pc-cygwin/6.3.0/../../../libcygwin.a(t-d000810.o)
                              /usr/lib/gcc/i686-pc-cygwin/6.3.0/../../../libcygwin.a(_cygwin_crt0_common.o) (calloc)
/usr/lib/gcc/i686-pc-cygwin/6.3.0/../../../libcygwin.a(t-d000940.o)
                              /usr/lib/gcc/i686-pc-cygwin/6.3.0/../../../libcygwin.a(dll_entry.o) (cygwin_detach_dll)
/usr/lib/gcc/i686-pc-cygwin/6.3.0/../../../libcygwin.a(t-d000942.o)
                              /usr/lib/gcc/i686-pc-cygwin/6.3.0/../../../libcygwin.a(_cygwin_crt0_common.o) (cygwin_internal)
/usr/lib/gcc/i686-pc-cygwin/6.3.0/../../../libcygwin.a(t-d001137.o)
                              /usr/lib/gcc/i686-pc-cygwin/6.3.0/../../../libcygwin.a(_cygwin_crt0_common.o) (free)
/usr/lib/gcc/i686-pc-cygwin/6.3.0/../../../libcygwin.a(t-d001470.o)
                              /usr/lib/gcc/i686-pc-cygwin/6.3.0/../../../libcygwin.a(_cygwin_crt0_common.o) (malloc)
/usr/lib/gcc/i686-pc-cygwin/6.3.0/../../../libcygwin.a(t-d001577.o)
                              /usr/lib/gcc/i686-pc-cygwin/6.3.0/../../../libcygwin.a(_cygwin_crt0_common.o) (posix_memalign)
/usr/lib/gcc/i686-pc-cygwin/6.3.0/../../../libcygwin.a(t-d001755.o)
                              /usr/lib/gcc/i686-pc-cygwin/6.3.0/../../../libcygwin.a(_cygwin_crt0_common.o) (realloc)
/usr/lib/gcc/i686-pc-cygwin/6.3.0/../../../libcygwin.a(cygwin_attach_dll.o)
                              /usr/lib/gcc/i686-pc-cygwin/6.3.0/../../../libcygwin.a(dll_entry.o) (cygwin_attach_dll)
/usr/lib/gcc/i686-pc-cygwin/6.3.0/../../../libcygwin.a(d000964.o)
                              (__imp__dll_dllcrt0)
/usr/lib/gcc/i686-pc-cygwin/6.3.0/../../../libcygwin.a(t-d000964.o)
                              /usr/lib/gcc/i686-pc-cygwin/6.3.0/../../../libcygwin.a(cygwin_attach_dll.o) (dll_dllcrt0)
/usr/lib/w32api/libkernel32.a(dycps00810.o)
                              /usr/lib/gcc/i686-pc-cygwin/6.3.0/crtbegin.o (_imp__LoadLibraryA@4)
/usr/lib/w32api/libkernel32.a(dycps00582.o)
                              /usr/lib/gcc/i686-pc-cygwin/6.3.0/crtbegin.o (_imp__GetProcAddress@8)
/usr/lib/w32api/libkernel32.a(dycps00534.o)
                              /usr/lib/gcc/i686-pc-cygwin/6.3.0/../../../libcygwin.a(_cygwin_crt0_common.o) (GetModuleHandleA@4)
/usr/lib/w32api/libkernel32.a(dycps00357.o)
                              /usr/lib/gcc/i686-pc-cygwin/6.3.0/crtbegin.o (_imp__FreeLibrary@4)
/usr/lib/w32api/libkernel32.a(dycph.o)
                              /usr/lib/w32api/libkernel32.a(dycps00810.o) (_head_lib32_libkernel32_a)
/usr/lib/w32api/libkernel32.a(dycpt.o)
                              /usr/lib/w32api/libkernel32.a(dycph.o) (_lib32_libkernel32_a_iname)
/usr/lib/gcc/i686-pc-cygwin/6.3.0/libgcc.a(_ctors.o)
                              /usr/lib/gcc/i686-pc-cygwin/6.3.0/../../../libcygwin.a(_cygwin_crt0_common.o) (__DTOR_LIST__)

Allocating common symbols
Common symbol       size              file

__DTOR_LIST__       0x8               /usr/lib/gcc/i686-pc-cygwin/6.3.0/libgcc.a(_ctors.o)
hmod_libgcc         0x4               /usr/lib/gcc/i686-pc-cygwin/6.3.0/crtbegin.o
__CTOR_LIST__       0x8               /usr/lib/gcc/i686-pc-cygwin/6.3.0/libgcc.a(_ctors.o)

Discarded input sections

 .drectve       0x0000000000000000       0x1c /usr/lib/gcc/i686-pc-cygwin/6.3.0/crtbegin.o
 .text          0x0000000000000000        0x8 /usr/lib/w32api/libkernel32.a(dycps00810.o)
 .text          0x0000000000000000        0x8 /usr/lib/w32api/libkernel32.a(dycps00582.o)
 .text          0x0000000000000000        0x8 /usr/lib/w32api/libkernel32.a(dycps00357.o)
 .drectve       0x0000000000000000       0x3c /usr/lib/gcc/i686-pc-cygwin/6.3.0/libgcc.a(_ctors.o)

Memory Configuration

Name             Origin             Length             Attributes
*default*        0x0000000000000000 0xffffffffffffffff

Linker script and memory map

                0x0000000000400000                __image_base__ = 0x400000
                0x0000000000000000                __dll__ = 0x0
                0x0000000000400000                ___ImageBase = 0x400000
                0x0000000000001000                __section_alignment__ = 0x1000
                0x0000000000000200                __file_alignment__ = 0x200
                0x0000000000000004                __major_os_version__ = 0x4
                0x0000000000000000                __minor_os_version__ = 0x0
                0x0000000000000001                __major_image_version__ = 0x1
                0x0000000000000000                __minor_image_version__ = 0x0
                0x0000000000000004                __major_subsystem_version__ = 0x4
                0x0000000000000000                __minor_subsystem_version__ = 0x0
                0x0000000000000003                __subsystem__ = 0x3
                0x0000000000200000                __size_of_stack_reserve__ = 0x200000
                0x0000000000001000                __size_of_stack_commit__ = 0x1000
                0x0000000000100000                __size_of_heap_reserve__ = 0x100000
                0x0000000000001000                __size_of_heap_commit__ = 0x1000
                0x0000000000000000                __loader_flags__ = 0x0
                0x0000000000008000                __dll_characteristics__ = 0x8000
LOAD /usr/lib/gcc/i686-pc-cygwin/6.3.0/../../../crt0.o
LOAD /usr/lib/gcc/i686-pc-cygwin/6.3.0/crtbegin.o
LOAD /cygdrive/c/Users/CHRIST~1.CHI/AppData/Local/Temp/ccFqCIxj.o
LOAD /usr/lib/gcc/i686-pc-cygwin/6.3.0/libgcc_s.dll.a
LOAD /usr/lib/gcc/i686-pc-cygwin/6.3.0/libgcc.a
LOAD /usr/lib/gcc/i686-pc-cygwin/6.3.0/../../../libcygwin.a
LOAD /usr/lib/w32api/libadvapi32.a
LOAD /usr/lib/w32api/libshell32.a
LOAD /usr/lib/w32api/libuser32.a
LOAD /usr/lib/w32api/libkernel32.a
LOAD /usr/lib/gcc/i686-pc-cygwin/6.3.0/libgcc_s.dll.a
LOAD /usr/lib/gcc/i686-pc-cygwin/6.3.0/libgcc.a
LOAD /usr/lib/gcc/i686-pc-cygwin/6.3.0/../../../default-manifest.o
LOAD /usr/lib/gcc/i686-pc-cygwin/6.3.0/crtend.o
                0x00000000000003d0                . = SIZEOF_HEADERS
                0x0000000000001000                . = ALIGN (__section_alignment__)

.text           0x0000000000401000      0x800
 *(.init)
 *(.text)
 .text          0x0000000000401000       0x90 /usr/lib/gcc/i686-pc-cygwin/6.3.0/../../../crt0.o
                0x0000000000401000                WinMainCRTStartup
                0x0000000000401000                mainCRTStartup
 .text          0x0000000000401090      0x140 /usr/lib/gcc/i686-pc-cygwin/6.3.0/crtbegin.o
                0x0000000000401090                __gcc_register_frame
                0x00000000004011a0                __gcc_deregister_frame
 .text          0x00000000004011d0       0x34 /cygdrive/c/Users/CHRIST~1.CHI/AppData/Local/Temp/ccFqCIxj.o
                0x00000000004011d0                main
 .text          0x0000000000401204        0x8 /usr/lib/gcc/i686-pc-cygwin/6.3.0/../../../libcygwin.a(t-d000026.o)
                0x0000000000401204                __cxa_atexit
 .text          0x000000000040120c        0x8 /usr/lib/gcc/i686-pc-cygwin/6.3.0/../../../libcygwin.a(t-d000071.o)
                0x000000000040120c                __getreent
 .text          0x0000000000401214        0x8 /usr/lib/gcc/i686-pc-cygwin/6.3.0/../../../libcygwin.a(t-d000081.o)
                0x0000000000401214                __main
 .text          0x000000000040121c        0x8 /usr/lib/gcc/i686-pc-cygwin/6.3.0/../../../libcygwin.a(t-d001196.o)
                0x000000000040121c                getc
 .text          0x0000000000401224        0x8 /usr/lib/gcc/i686-pc-cygwin/6.3.0/../../../libcygwin.a(t-d001612.o)
                0x0000000000401224                printf
 *fill*         0x000000000040122c        0x4 
 .text          0x0000000000401230       0x20 /usr/lib/gcc/i686-pc-cygwin/6.3.0/../../../libcygwin.a(cygwin_crt0.o)
                0x0000000000401230                cygwin_crt0
 .text          0x0000000000401250       0x10 /usr/lib/gcc/i686-pc-cygwin/6.3.0/../../../libcygwin.a(premain0.o)
                0x0000000000401250                cygwin_premain0
 .text          0x0000000000401260       0x10 /usr/lib/gcc/i686-pc-cygwin/6.3.0/../../../libcygwin.a(premain1.o)
                0x0000000000401260                cygwin_premain1
 .text          0x0000000000401270       0x10 /usr/lib/gcc/i686-pc-cygwin/6.3.0/../../../libcygwin.a(premain2.o)
                0x0000000000401270                cygwin_premain2
 .text          0x0000000000401280       0x10 /usr/lib/gcc/i686-pc-cygwin/6.3.0/../../../libcygwin.a(premain3.o)
                0x0000000000401280                cygwin_premain3
 .text          0x0000000000401290      0x320 /usr/lib/gcc/i686-pc-cygwin/6.3.0/../../../libcygwin.a(_cygwin_crt0_common.o)
                0x0000000000401290                _cygwin_crt0_common@8
 .text          0x00000000004015b0      0x130 /usr/lib/gcc/i686-pc-cygwin/6.3.0/../../../libcygwin.a(dll_entry.o)
                0x00000000004015e0                _cygwin_dll_entry@12
                0x00000000004016d0                _cygwin_noncygwin_dll_entry@12
 .text          0x00000000004016e0       0x10 /usr/lib/gcc/i686-pc-cygwin/6.3.0/../../../libcygwin.a(dll_main.o)
                0x00000000004016e0                DllMain@12
 .text          0x00000000004016f0       0x10 /usr/lib/gcc/i686-pc-cygwin/6.3.0/../../../libcygwin.a(pseudo-reloc-dummy.o)
                0x00000000004016f0                _pei386_runtime_relocator
 .text          0x0000000000401700        0x0 /usr/lib/gcc/i686-pc-cygwin/6.3.0/../../../libcygwin.a(d000389.o)
 .text          0x0000000000401700        0x8 /usr/lib/gcc/i686-pc-cygwin/6.3.0/../../../libcygwin.a(t-d000810.o)
                0x0000000000401700                calloc
 .text          0x0000000000401708        0x8 /usr/lib/gcc/i686-pc-cygwin/6.3.0/../../../libcygwin.a(t-d000940.o)
                0x0000000000401708                cygwin_detach_dll
 .text          0x0000000000401710        0x8 /usr/lib/gcc/i686-pc-cygwin/6.3.0/../../../libcygwin.a(t-d000942.o)
                0x0000000000401710                cygwin_internal
 .text          0x0000000000401718        0x8 /usr/lib/gcc/i686-pc-cygwin/6.3.0/../../../libcygwin.a(t-d001137.o)
                0x0000000000401718                free
 .text          0x0000000000401720        0x8 /usr/lib/gcc/i686-pc-cygwin/6.3.0/../../../libcygwin.a(t-d001470.o)
                0x0000000000401720                malloc
 .text          0x0000000000401728        0x8 /usr/lib/gcc/i686-pc-cygwin/6.3.0/../../../libcygwin.a(t-d001577.o)
                0x0000000000401728                posix_memalign
 .text          0x0000000000401730        0x8 /usr/lib/gcc/i686-pc-cygwin/6.3.0/../../../libcygwin.a(t-d001755.o)
                0x0000000000401730                realloc
 *fill*         0x0000000000401738        0x8 
 .text          0x0000000000401740       0x40 /usr/lib/gcc/i686-pc-cygwin/6.3.0/../../../libcygwin.a(cygwin_attach_dll.o)
                0x0000000000401740                cygwin_attach_dll
 .text          0x0000000000401780        0x8 /usr/lib/gcc/i686-pc-cygwin/6.3.0/../../../libcygwin.a(t-d000964.o)
                0x0000000000401780                dll_dllcrt0
 .text          0x0000000000401788        0x8 /usr/lib/w32api/libkernel32.a(dycps00534.o)
                0x0000000000401788                GetModuleHandleA@4
 .text          0x0000000000401790        0x0 /usr/lib/w32api/libkernel32.a(dycph.o)
 .text          0x0000000000401790        0x0 /usr/lib/w32api/libkernel32.a(dycpt.o)
 .text          0x0000000000401790        0x0 /usr/lib/gcc/i686-pc-cygwin/6.3.0/libgcc.a(_ctors.o)
 .text          0x0000000000401790        0x0 /usr/lib/gcc/i686-pc-cygwin/6.3.0/crtend.o
 *(SORT(.text$*))
 *(.text.*)
 .text.unlikely
                0x0000000000401790        0x0 /usr/lib/gcc/i686-pc-cygwin/6.3.0/../../../crt0.o
 .text.unlikely
                0x0000000000401790        0x0 /usr/lib/gcc/i686-pc-cygwin/6.3.0/../../../libcygwin.a(cygwin_crt0.o)
 .text.unlikely
                0x0000000000401790        0x0 /usr/lib/gcc/i686-pc-cygwin/6.3.0/../../../libcygwin.a(premain0.o)
 .text.unlikely
                0x0000000000401790        0x0 /usr/lib/gcc/i686-pc-cygwin/6.3.0/../../../libcygwin.a(premain1.o)
 .text.unlikely
                0x0000000000401790        0x0 /usr/lib/gcc/i686-pc-cygwin/6.3.0/../../../libcygwin.a(premain2.o)
 .text.unlikely
                0x0000000000401790        0x0 /usr/lib/gcc/i686-pc-cygwin/6.3.0/../../../libcygwin.a(premain3.o)
 .text.unlikely
                0x0000000000401790        0x0 /usr/lib/gcc/i686-pc-cygwin/6.3.0/../../../libcygwin.a(_cygwin_crt0_common.o)
 .text.unlikely
                0x0000000000401790        0x0 /usr/lib/gcc/i686-pc-cygwin/6.3.0/../../../libcygwin.a(dll_entry.o)
 .text.unlikely
                0x0000000000401790        0x0 /usr/lib/gcc/i686-pc-cygwin/6.3.0/../../../libcygwin.a(dll_main.o)
 .text.unlikely
                0x0000000000401790        0x0 /usr/lib/gcc/i686-pc-cygwin/6.3.0/../../../libcygwin.a(pseudo-reloc-dummy.o)
 .text.unlikely
                0x0000000000401790        0x0 /usr/lib/gcc/i686-pc-cygwin/6.3.0/../../../libcygwin.a(cygwin_attach_dll.o)
 .text.startup  0x0000000000401790       0x10 /usr/lib/gcc/i686-pc-cygwin/6.3.0/crtend.o
 *(.gnu.linkonce.t.*)
 *(.glue_7t)
 *(.glue_7)
                0x00000000004017a0                ___CTOR_LIST__ = .
                0x00000000004017a0                __CTOR_LIST__ = .
                0x00000000004017a0        0x4 LONG 0xffffffffffffffff
 *(.ctors)
 *(.ctor)
 *(SORT(.ctors.*))
 .ctors.65535   0x00000000004017a4        0x4 /usr/lib/gcc/i686-pc-cygwin/6.3.0/crtend.o
                0x00000000004017a8        0x4 LONG 0x0
                0x00000000004017ac                ___DTOR_LIST__ = .
                0x00000000004017ac                __DTOR_LIST__ = .
                0x00000000004017ac        0x4 LONG 0xffffffffffffffff
 *(.dtors)
 *(.dtor)
 *(SORT(.dtors.*))
                0x00000000004017b0        0x4 LONG 0x0
 *(.fini)
 *(.gcc_exc)
                [!provide]                        PROVIDE (etext, .)
                [!provide]                        PROVIDE (_etext, .)
 *(.gcc_except_table)

.data           0x0000000000402000      0x200
                0x0000000000402000                __data_start__ = .
 *(.data)
 .data          0x0000000000402000        0x0 /usr/lib/gcc/i686-pc-cygwin/6.3.0/../../../crt0.o
 .data          0x0000000000402000        0x8 /usr/lib/gcc/i686-pc-cygwin/6.3.0/crtbegin.o
                0x0000000000402004                __dso_handle
 .data          0x0000000000402008        0x0 /cygdrive/c/Users/CHRIST~1.CHI/AppData/Local/Temp/ccFqCIxj.o
 .data          0x0000000000402008        0x0 /usr/lib/gcc/i686-pc-cygwin/6.3.0/../../../libcygwin.a(cygwin_crt0.o)
 .data          0x0000000000402008        0x0 /usr/lib/gcc/i686-pc-cygwin/6.3.0/../../../libcygwin.a(premain0.o)
 .data          0x0000000000402008        0x0 /usr/lib/gcc/i686-pc-cygwin/6.3.0/../../../libcygwin.a(premain1.o)
 .data          0x0000000000402008        0x0 /usr/lib/gcc/i686-pc-cygwin/6.3.0/../../../libcygwin.a(premain2.o)
 .data          0x0000000000402008        0x0 /usr/lib/gcc/i686-pc-cygwin/6.3.0/../../../libcygwin.a(premain3.o)
 *fill*         0x0000000000402008       0x18 
 .data          0x0000000000402020       0x20 /usr/lib/gcc/i686-pc-cygwin/6.3.0/../../../libcygwin.a(_cygwin_crt0_common.o)
                0x0000000000402020                __cygwin_cxx_malloc
 .data          0x0000000000402040        0x0 /usr/lib/gcc/i686-pc-cygwin/6.3.0/../../../libcygwin.a(dll_entry.o)
 .data          0x0000000000402040        0x0 /usr/lib/gcc/i686-pc-cygwin/6.3.0/../../../libcygwin.a(dll_main.o)
 .data          0x0000000000402040        0x0 /usr/lib/gcc/i686-pc-cygwin/6.3.0/../../../libcygwin.a(pseudo-reloc-dummy.o)
 .data          0x0000000000402040        0x0 /usr/lib/gcc/i686-pc-cygwin/6.3.0/../../../libcygwin.a(cygwin_attach_dll.o)
 .data          0x0000000000402040        0x0 /usr/lib/w32api/libkernel32.a(dycps00810.o)
 .data          0x0000000000402040        0x0 /usr/lib/w32api/libkernel32.a(dycps00582.o)
 .data          0x0000000000402040        0x0 /usr/lib/w32api/libkernel32.a(dycps00534.o)
 .data          0x0000000000402040        0x0 /usr/lib/w32api/libkernel32.a(dycps00357.o)
 .data          0x0000000000402040        0x0 /usr/lib/w32api/libkernel32.a(dycph.o)
 .data          0x0000000000402040        0x0 /usr/lib/w32api/libkernel32.a(dycpt.o)
 .data          0x0000000000402040        0x0 /usr/lib/gcc/i686-pc-cygwin/6.3.0/libgcc.a(_ctors.o)
 .data          0x0000000000402040        0x0 /usr/lib/gcc/i686-pc-cygwin/6.3.0/crtend.o
 *(.data2)
 *(SORT(.data$*))
 *(.jcr)
 .jcr           0x0000000000402040        0x0 /usr/lib/gcc/i686-pc-cygwin/6.3.0/crtbegin.o
 .jcr           0x0000000000402040        0x4 /usr/lib/gcc/i686-pc-cygwin/6.3.0/crtend.o
                0x0000000000402044                __data_end__ = .
 *(.data_cygwin_nocopy)

.rdata          0x0000000000403000      0x400
 *(.rdata)
 .rdata         0x0000000000403000       0x60 /usr/lib/gcc/i686-pc-cygwin/6.3.0/crtbegin.o
 .rdata         0x0000000000403060        0xc /cygdrive/c/Users/CHRIST~1.CHI/AppData/Local/Temp/ccFqCIxj.o
 *(SORT(.rdata$*))
 .rdata$zzz     0x000000000040306c       0x34 /usr/lib/gcc/i686-pc-cygwin/6.3.0/../../../crt0.o
 .rdata$zzz     0x00000000004030a0       0x14 /usr/lib/gcc/i686-pc-cygwin/6.3.0/crtbegin.o
 .rdata$zzz     0x00000000004030b4       0x14 /cygdrive/c/Users/CHRIST~1.CHI/AppData/Local/Temp/ccFqCIxj.o
 .rdata$zzz     0x00000000004030c8       0x34 /usr/lib/gcc/i686-pc-cygwin/6.3.0/../../../libcygwin.a(cygwin_crt0.o)
 .rdata$zzz     0x00000000004030fc       0x34 /usr/lib/gcc/i686-pc-cygwin/6.3.0/../../../libcygwin.a(premain0.o)
 .rdata$zzz     0x0000000000403130       0x34 /usr/lib/gcc/i686-pc-cygwin/6.3.0/../../../libcygwin.a(premain1.o)
 .rdata$zzz     0x0000000000403164       0x34 /usr/lib/gcc/i686-pc-cygwin/6.3.0/../../../libcygwin.a(premain2.o)
 .rdata$zzz     0x0000000000403198       0x34 /usr/lib/gcc/i686-pc-cygwin/6.3.0/../../../libcygwin.a(premain3.o)
 .rdata$zzz     0x00000000004031cc       0x34 /usr/lib/gcc/i686-pc-cygwin/6.3.0/../../../libcygwin.a(_cygwin_crt0_common.o)
 .rdata$zzz     0x0000000000403200       0x34 /usr/lib/gcc/i686-pc-cygwin/6.3.0/../../../libcygwin.a(dll_entry.o)
 .rdata$zzz     0x0000000000403234       0x34 /usr/lib/gcc/i686-pc-cygwin/6.3.0/../../../libcygwin.a(dll_main.o)
 .rdata$zzz     0x0000000000403268       0x34 /usr/lib/gcc/i686-pc-cygwin/6.3.0/../../../libcygwin.a(pseudo-reloc-dummy.o)
 .rdata$zzz     0x000000000040329c       0x34 /usr/lib/gcc/i686-pc-cygwin/6.3.0/../../../libcygwin.a(cygwin_attach_dll.o)
 .rdata$zzz     0x00000000004032d0       0x14 /usr/lib/gcc/i686-pc-cygwin/6.3.0/libgcc.a(_ctors.o)
 .rdata$zzz     0x00000000004032e4       0x14 /usr/lib/gcc/i686-pc-cygwin/6.3.0/crtend.o
                0x00000000004032f8                __rt_psrelocs_start = .
 *(.rdata_runtime_pseudo_reloc)
                0x00000000004032f8                __rt_psrelocs_end = .
                0x0000000000000000                __rt_psrelocs_size = (__rt_psrelocs_end - __rt_psrelocs_start)
                0x00000000004032f8                ___RUNTIME_PSEUDO_RELOC_LIST_END__ = .
                0x00000000004032f8                __RUNTIME_PSEUDO_RELOC_LIST_END__ = .
                0x00000000004032f8                ___RUNTIME_PSEUDO_RELOC_LIST__ = (. - __rt_psrelocs_size)
                0x00000000004032f8                __RUNTIME_PSEUDO_RELOC_LIST__ = (. - __rt_psrelocs_size)

.buildid        0x0000000000404000      0x200
 .buildid       0x0000000000404000       0x35 /usr/lib/gcc/i686-pc-cygwin/6.3.0/../../../crt0.o

.eh_frame       0x0000000000405000      0x400
 *(.eh_frame*)
 .eh_frame      0x0000000000405000       0x38 /usr/lib/gcc/i686-pc-cygwin/6.3.0/../../../crt0.o
 .eh_frame      0x0000000000405038       0x68 /usr/lib/gcc/i686-pc-cygwin/6.3.0/crtbegin.o
 .eh_frame      0x00000000004050a0       0x38 /cygdrive/c/Users/CHRIST~1.CHI/AppData/Local/Temp/ccFqCIxj.o
 .eh_frame      0x00000000004050d8       0x34 /usr/lib/gcc/i686-pc-cygwin/6.3.0/../../../libcygwin.a(cygwin_crt0.o)
 .eh_frame      0x000000000040510c       0x2c /usr/lib/gcc/i686-pc-cygwin/6.3.0/../../../libcygwin.a(premain0.o)
 .eh_frame      0x0000000000405138       0x2c /usr/lib/gcc/i686-pc-cygwin/6.3.0/../../../libcygwin.a(premain1.o)
 .eh_frame      0x0000000000405164       0x2c /usr/lib/gcc/i686-pc-cygwin/6.3.0/../../../libcygwin.a(premain2.o)
 .eh_frame      0x0000000000405190       0x2c /usr/lib/gcc/i686-pc-cygwin/6.3.0/../../../libcygwin.a(premain3.o)
 .eh_frame      0x00000000004051bc       0x50 /usr/lib/gcc/i686-pc-cygwin/6.3.0/../../../libcygwin.a(_cygwin_crt0_common.o)
 .eh_frame      0x000000000040520c       0x9c /usr/lib/gcc/i686-pc-cygwin/6.3.0/../../../libcygwin.a(dll_entry.o)
 .eh_frame      0x00000000004052a8       0x2c /usr/lib/gcc/i686-pc-cygwin/6.3.0/../../../libcygwin.a(dll_main.o)
 .eh_frame      0x00000000004052d4       0x2c /usr/lib/gcc/i686-pc-cygwin/6.3.0/../../../libcygwin.a(pseudo-reloc-dummy.o)
 .eh_frame      0x0000000000405300       0x40 /usr/lib/gcc/i686-pc-cygwin/6.3.0/../../../libcygwin.a(cygwin_attach_dll.o)
 .eh_frame      0x0000000000405340       0x3c /usr/lib/gcc/i686-pc-cygwin/6.3.0/crtend.o

.pdata
 *(.pdata)

.bss            0x0000000000406000      0x114
                0x0000000000406000                __bss_start__ = .
 *(.bss)
 .bss           0x0000000000406000        0x0 /usr/lib/gcc/i686-pc-cygwin/6.3.0/../../../crt0.o
 .bss           0x0000000000406000       0x18 /usr/lib/gcc/i686-pc-cygwin/6.3.0/crtbegin.o
 .bss           0x0000000000406018        0x0 /cygdrive/c/Users/CHRIST~1.CHI/AppData/Local/Temp/ccFqCIxj.o
 .bss           0x0000000000406018        0x0 /usr/lib/gcc/i686-pc-cygwin/6.3.0/../../../libcygwin.a(cygwin_crt0.o)
 .bss           0x0000000000406018        0x0 /usr/lib/gcc/i686-pc-cygwin/6.3.0/../../../libcygwin.a(premain0.o)
 .bss           0x0000000000406018        0x0 /usr/lib/gcc/i686-pc-cygwin/6.3.0/../../../libcygwin.a(premain1.o)
 .bss           0x0000000000406018        0x0 /usr/lib/gcc/i686-pc-cygwin/6.3.0/../../../libcygwin.a(premain2.o)
 .bss           0x0000000000406018        0x0 /usr/lib/gcc/i686-pc-cygwin/6.3.0/../../../libcygwin.a(premain3.o)
 .bss           0x0000000000406018        0x8 /usr/lib/gcc/i686-pc-cygwin/6.3.0/../../../libcygwin.a(_cygwin_crt0_common.o)
                0x0000000000406018                _fmode
                0x000000000040601c                environ
 .bss           0x0000000000406020       0x14 /usr/lib/gcc/i686-pc-cygwin/6.3.0/../../../libcygwin.a(dll_entry.o)
                0x0000000000406020                __dynamically_loaded
 .bss           0x0000000000406034        0x0 /usr/lib/gcc/i686-pc-cygwin/6.3.0/../../../libcygwin.a(dll_main.o)
 .bss           0x0000000000406034        0x0 /usr/lib/gcc/i686-pc-cygwin/6.3.0/../../../libcygwin.a(pseudo-reloc-dummy.o)
 *fill*         0x0000000000406034        0xc 
 .bss           0x0000000000406040       0xc0 /usr/lib/gcc/i686-pc-cygwin/6.3.0/../../../libcygwin.a(cygwin_attach_dll.o)
 .bss           0x0000000000406100        0x0 /usr/lib/w32api/libkernel32.a(dycps00810.o)
 .bss           0x0000000000406100        0x0 /usr/lib/w32api/libkernel32.a(dycps00582.o)
 .bss           0x0000000000406100        0x0 /usr/lib/w32api/libkernel32.a(dycps00534.o)
 .bss           0x0000000000406100        0x0 /usr/lib/w32api/libkernel32.a(dycps00357.o)
 .bss           0x0000000000406100        0x0 /usr/lib/w32api/libkernel32.a(dycph.o)
 .bss           0x0000000000406100        0x0 /usr/lib/w32api/libkernel32.a(dycpt.o)
 .bss           0x0000000000406100        0x0 /usr/lib/gcc/i686-pc-cygwin/6.3.0/libgcc.a(_ctors.o)
 .bss           0x0000000000406100        0x0 /usr/lib/gcc/i686-pc-cygwin/6.3.0/crtend.o
 *(COMMON)
 COMMON         0x0000000000406100        0x4 /usr/lib/gcc/i686-pc-cygwin/6.3.0/crtbegin.o
                0x0000000000406100                hmod_libgcc
 COMMON         0x0000000000406104       0x10 /usr/lib/gcc/i686-pc-cygwin/6.3.0/libgcc.a(_ctors.o)
                0x0000000000406114                __bss_end__ = .

.edata
 *(.edata)

/DISCARD/
 *(.debug$S)
 *(.debug$T)
 *(.debug$F)
 *(.drectve)
 *(.note.GNU-stack)
 *(.gnu.lto_*)

.idata          0x0000000000407000      0x400
 SORT(*)(.idata$2)
 .idata$2       0x0000000000407000       0x14 /usr/lib/gcc/i686-pc-cygwin/6.3.0/../../../libcygwin.a(d000000.o)
                0x0000000000407000                _head_cygwin1_dll
 .idata$2       0x0000000000407014       0x14 /usr/lib/w32api/libkernel32.a(dycph.o)
                0x0000000000407014                _head_lib32_libkernel32_a
 SORT(*)(.idata$3)
                0x0000000000407028        0x4 LONG 0x0
                0x000000000040702c        0x4 LONG 0x0
                0x0000000000407030        0x4 LONG 0x0
                0x0000000000407034        0x4 LONG 0x0
                0x0000000000407038        0x4 LONG 0x0
 SORT(*)(.idata$4)
 .idata$4       0x000000000040703c        0x0 /usr/lib/gcc/i686-pc-cygwin/6.3.0/../../../libcygwin.a(d000000.o)
 .idata$4       0x000000000040703c        0x4 /usr/lib/gcc/i686-pc-cygwin/6.3.0/../../../libcygwin.a(d000026.o)
 .idata$4       0x0000000000407040        0x4 /usr/lib/gcc/i686-pc-cygwin/6.3.0/../../../libcygwin.a(d000071.o)
 .idata$4       0x0000000000407044        0x4 /usr/lib/gcc/i686-pc-cygwin/6.3.0/../../../libcygwin.a(d000081.o)
 .idata$4       0x0000000000407048        0x4 /usr/lib/gcc/i686-pc-cygwin/6.3.0/../../../libcygwin.a(d000204.o)
 .idata$4       0x000000000040704c        0x4 /usr/lib/gcc/i686-pc-cygwin/6.3.0/../../../libcygwin.a(d000389.o)
 .idata$4       0x0000000000407050        0x4 /usr/lib/gcc/i686-pc-cygwin/6.3.0/../../../libcygwin.a(d000810.o)
 .idata$4       0x0000000000407054        0x4 /usr/lib/gcc/i686-pc-cygwin/6.3.0/../../../libcygwin.a(d000940.o)
 .idata$4       0x0000000000407058        0x4 /usr/lib/gcc/i686-pc-cygwin/6.3.0/../../../libcygwin.a(d000942.o)
 .idata$4       0x000000000040705c        0x4 /usr/lib/gcc/i686-pc-cygwin/6.3.0/../../../libcygwin.a(d000964.o)
 .idata$4       0x0000000000407060        0x4 /usr/lib/gcc/i686-pc-cygwin/6.3.0/../../../libcygwin.a(d001137.o)
 .idata$4       0x0000000000407064        0x4 /usr/lib/gcc/i686-pc-cygwin/6.3.0/../../../libcygwin.a(d001196.o)
 .idata$4       0x0000000000407068        0x4 /usr/lib/gcc/i686-pc-cygwin/6.3.0/../../../libcygwin.a(d001470.o)
 .idata$4       0x000000000040706c        0x4 /usr/lib/gcc/i686-pc-cygwin/6.3.0/../../../libcygwin.a(d001577.o)
 .idata$4       0x0000000000407070        0x4 /usr/lib/gcc/i686-pc-cygwin/6.3.0/../../../libcygwin.a(d001612.o)
 .idata$4       0x0000000000407074        0x4 /usr/lib/gcc/i686-pc-cygwin/6.3.0/../../../libcygwin.a(d001755.o)
 .idata$4       0x0000000000407078        0x4 /usr/lib/gcc/i686-pc-cygwin/6.3.0/../../../libcygwin.a(d002277.o)
 .idata$4       0x000000000040707c        0x0 /usr/lib/w32api/libkernel32.a(dycph.o)
 .idata$4       0x000000000040707c        0x4 /usr/lib/w32api/libkernel32.a(dycps00357.o)
 .idata$4       0x0000000000407080        0x4 /usr/lib/w32api/libkernel32.a(dycps00534.o)
 .idata$4       0x0000000000407084        0x4 /usr/lib/w32api/libkernel32.a(dycps00582.o)
 .idata$4       0x0000000000407088        0x4 /usr/lib/w32api/libkernel32.a(dycps00810.o)
 .idata$4       0x000000000040708c        0x4 /usr/lib/w32api/libkernel32.a(dycpt.o)
                0x0000000000407090                __IAT_start__ = .
 SORT(*)(.idata$5)
 .idata$5       0x0000000000407090        0x0 /usr/lib/gcc/i686-pc-cygwin/6.3.0/../../../libcygwin.a(d000000.o)
 .idata$5       0x0000000000407090        0x4 /usr/lib/gcc/i686-pc-cygwin/6.3.0/../../../libcygwin.a(d000026.o)
                0x0000000000407090                _imp____cxa_atexit
 .idata$5       0x0000000000407094        0x4 /usr/lib/gcc/i686-pc-cygwin/6.3.0/../../../libcygwin.a(d000071.o)
                0x0000000000407094                _imp____getreent
 .idata$5       0x0000000000407098        0x4 /usr/lib/gcc/i686-pc-cygwin/6.3.0/../../../libcygwin.a(d000081.o)
                0x0000000000407098                _imp____main
 .idata$5       0x000000000040709c        0x4 /usr/lib/gcc/i686-pc-cygwin/6.3.0/../../../libcygwin.a(d000204.o)
                0x000000000040709c                _imp___dll_crt0@0
 .idata$5       0x00000000004070a0        0x4 /usr/lib/gcc/i686-pc-cygwin/6.3.0/../../../libcygwin.a(d000389.o)
                0x00000000004070a0                _imp___impure_ptr
 .idata$5       0x00000000004070a4        0x4 /usr/lib/gcc/i686-pc-cygwin/6.3.0/../../../libcygwin.a(d000810.o)
                0x00000000004070a4                _imp__calloc
 .idata$5       0x00000000004070a8        0x4 /usr/lib/gcc/i686-pc-cygwin/6.3.0/../../../libcygwin.a(d000940.o)
                0x00000000004070a8                _imp__cygwin_detach_dll
 .idata$5       0x00000000004070ac        0x4 /usr/lib/gcc/i686-pc-cygwin/6.3.0/../../../libcygwin.a(d000942.o)
                0x00000000004070ac                _imp__cygwin_internal
 .idata$5       0x00000000004070b0        0x4 /usr/lib/gcc/i686-pc-cygwin/6.3.0/../../../libcygwin.a(d000964.o)
                0x00000000004070b0                _imp__dll_dllcrt0
 .idata$5       0x00000000004070b4        0x4 /usr/lib/gcc/i686-pc-cygwin/6.3.0/../../../libcygwin.a(d001137.o)
                0x00000000004070b4                _imp__free
 .idata$5       0x00000000004070b8        0x4 /usr/lib/gcc/i686-pc-cygwin/6.3.0/../../../libcygwin.a(d001196.o)
                0x00000000004070b8                _imp__getc
 .idata$5       0x00000000004070bc        0x4 /usr/lib/gcc/i686-pc-cygwin/6.3.0/../../../libcygwin.a(d001470.o)
                0x00000000004070bc                _imp__malloc
 .idata$5       0x00000000004070c0        0x4 /usr/lib/gcc/i686-pc-cygwin/6.3.0/../../../libcygwin.a(d001577.o)
                0x00000000004070c0                _imp__posix_memalign
 .idata$5       0x00000000004070c4        0x4 /usr/lib/gcc/i686-pc-cygwin/6.3.0/../../../libcygwin.a(d001612.o)
                0x00000000004070c4                _imp__printf
 .idata$5       0x00000000004070c8        0x4 /usr/lib/gcc/i686-pc-cygwin/6.3.0/../../../libcygwin.a(d001755.o)
                0x00000000004070c8                _imp__realloc
 .idata$5       0x00000000004070cc        0x4 /usr/lib/gcc/i686-pc-cygwin/6.3.0/../../../libcygwin.a(d002277.o)
 .idata$5       0x00000000004070d0        0x0 /usr/lib/w32api/libkernel32.a(dycph.o)
 .idata$5       0x00000000004070d0        0x4 /usr/lib/w32api/libkernel32.a(dycps00357.o)
                0x00000000004070d0                _imp__FreeLibrary@4
 .idata$5       0x00000000004070d4        0x4 /usr/lib/w32api/libkernel32.a(dycps00534.o)
                0x00000000004070d4                _imp__GetModuleHandleA@4
 .idata$5       0x00000000004070d8        0x4 /usr/lib/w32api/libkernel32.a(dycps00582.o)
                0x00000000004070d8                _imp__GetProcAddress@8
 .idata$5       0x00000000004070dc        0x4 /usr/lib/w32api/libkernel32.a(dycps00810.o)
                0x00000000004070dc                _imp__LoadLibraryA@4
 .idata$5       0x00000000004070e0        0x4 /usr/lib/w32api/libkernel32.a(dycpt.o)
                0x00000000004070e4                __IAT_end__ = .
 SORT(*)(.idata$6)
 .idata$6       0x00000000004070e4       0x10 /usr/lib/gcc/i686-pc-cygwin/6.3.0/../../../libcygwin.a(d000026.o)
 .idata$6       0x00000000004070f4       0x10 /usr/lib/gcc/i686-pc-cygwin/6.3.0/../../../libcygwin.a(d000071.o)
 .idata$6       0x0000000000407104        0xc /usr/lib/gcc/i686-pc-cygwin/6.3.0/../../../libcygwin.a(d000081.o)
 .idata$6       0x0000000000407110       0x10 /usr/lib/gcc/i686-pc-cygwin/6.3.0/../../../libcygwin.a(d000204.o)
 .idata$6       0x0000000000407120       0x10 /usr/lib/gcc/i686-pc-cygwin/6.3.0/../../../libcygwin.a(d000389.o)
                0x0000000000407120                _nm___impure_ptr
 .idata$6       0x0000000000407130        0xc /usr/lib/gcc/i686-pc-cygwin/6.3.0/../../../libcygwin.a(d000810.o)
 .idata$6       0x000000000040713c       0x14 /usr/lib/gcc/i686-pc-cygwin/6.3.0/../../../libcygwin.a(d000940.o)
 .idata$6       0x0000000000407150       0x14 /usr/lib/gcc/i686-pc-cygwin/6.3.0/../../../libcygwin.a(d000942.o)
 .idata$6       0x0000000000407164       0x10 /usr/lib/gcc/i686-pc-cygwin/6.3.0/../../../libcygwin.a(d000964.o)
 .idata$6       0x0000000000407174        0x8 /usr/lib/gcc/i686-pc-cygwin/6.3.0/../../../libcygwin.a(d001137.o)
 .idata$6       0x000000000040717c        0x8 /usr/lib/gcc/i686-pc-cygwin/6.3.0/../../../libcygwin.a(d001196.o)
 .idata$6       0x0000000000407184        0xc /usr/lib/gcc/i686-pc-cygwin/6.3.0/../../../libcygwin.a(d001470.o)
 .idata$6       0x0000000000407190       0x14 /usr/lib/gcc/i686-pc-cygwin/6.3.0/../../../libcygwin.a(d001577.o)
 .idata$6       0x00000000004071a4        0xc /usr/lib/gcc/i686-pc-cygwin/6.3.0/../../../libcygwin.a(d001612.o)
 .idata$6       0x00000000004071b0        0xc /usr/lib/gcc/i686-pc-cygwin/6.3.0/../../../libcygwin.a(d001755.o)
 .idata$6       0x00000000004071bc        0xe /usr/lib/w32api/libkernel32.a(dycps00357.o)
 .idata$6       0x00000000004071ca       0x14 /usr/lib/w32api/libkernel32.a(dycps00534.o)
 .idata$6       0x00000000004071de       0x12 /usr/lib/w32api/libkernel32.a(dycps00582.o)
 .idata$6       0x00000000004071f0       0x10 /usr/lib/w32api/libkernel32.a(dycps00810.o)
 SORT(*)(.idata$7)
 .idata$7       0x0000000000407200        0x4 /usr/lib/gcc/i686-pc-cygwin/6.3.0/../../../libcygwin.a(d000026.o)
 .idata$7       0x0000000000407204        0x4 /usr/lib/gcc/i686-pc-cygwin/6.3.0/../../../libcygwin.a(d000071.o)
 .idata$7       0x0000000000407208        0x4 /usr/lib/gcc/i686-pc-cygwin/6.3.0/../../../libcygwin.a(d000081.o)
 .idata$7       0x000000000040720c        0x4 /usr/lib/gcc/i686-pc-cygwin/6.3.0/../../../libcygwin.a(d000204.o)
 .idata$7       0x0000000000407210        0x4 /usr/lib/gcc/i686-pc-cygwin/6.3.0/../../../libcygwin.a(d000389.o)
 .idata$7       0x0000000000407214        0x4 /usr/lib/gcc/i686-pc-cygwin/6.3.0/../../../libcygwin.a(d000810.o)
 .idata$7       0x0000000000407218        0x4 /usr/lib/gcc/i686-pc-cygwin/6.3.0/../../../libcygwin.a(d000940.o)
 .idata$7       0x000000000040721c        0x4 /usr/lib/gcc/i686-pc-cygwin/6.3.0/../../../libcygwin.a(d000942.o)
 .idata$7       0x0000000000407220        0x4 /usr/lib/gcc/i686-pc-cygwin/6.3.0/../../../libcygwin.a(d000964.o)
 .idata$7       0x0000000000407224        0x4 /usr/lib/gcc/i686-pc-cygwin/6.3.0/../../../libcygwin.a(d001137.o)
 .idata$7       0x0000000000407228        0x4 /usr/lib/gcc/i686-pc-cygwin/6.3.0/../../../libcygwin.a(d001196.o)
 .idata$7       0x000000000040722c        0x4 /usr/lib/gcc/i686-pc-cygwin/6.3.0/../../../libcygwin.a(d001470.o)
 .idata$7       0x0000000000407230        0x4 /usr/lib/gcc/i686-pc-cygwin/6.3.0/../../../libcygwin.a(d001577.o)
 .idata$7       0x0000000000407234        0x4 /usr/lib/gcc/i686-pc-cygwin/6.3.0/../../../libcygwin.a(d001612.o)
 .idata$7       0x0000000000407238        0x4 /usr/lib/gcc/i686-pc-cygwin/6.3.0/../../../libcygwin.a(d001755.o)
 .idata$7       0x000000000040723c        0xc /usr/lib/gcc/i686-pc-cygwin/6.3.0/../../../libcygwin.a(d002277.o)
                0x000000000040723c                cygwin1_dll_iname
 .idata$7       0x0000000000407248        0x4 /usr/lib/w32api/libkernel32.a(dycps00357.o)
 .idata$7       0x000000000040724c        0x4 /usr/lib/w32api/libkernel32.a(dycps00534.o)
 .idata$7       0x0000000000407250        0x4 /usr/lib/w32api/libkernel32.a(dycps00582.o)
 .idata$7       0x0000000000407254        0x4 /usr/lib/w32api/libkernel32.a(dycps00810.o)
 .idata$7       0x0000000000407258       0x10 /usr/lib/w32api/libkernel32.a(dycpt.o)
                0x0000000000407258                _lib32_libkernel32_a_iname

.CRT            0x0000000000408000        0x0
                0x0000000000408000                ___crt_xc_start__ = .
 *(SORT(.CRT$XC*))
                0x0000000000408000                ___crt_xc_end__ = .
                0x0000000000408000                ___crt_xi_start__ = .
 *(SORT(.CRT$XI*))
                0x0000000000408000                ___crt_xi_end__ = .
                0x0000000000408000                ___crt_xl_start__ = .
 *(SORT(.CRT$XL*))
                0x0000000000408000                ___crt_xp_start__ = .
 *(SORT(.CRT$XP*))
                0x0000000000408000                ___crt_xp_end__ = .
                0x0000000000408000                ___crt_xt_start__ = .
 *(SORT(.CRT$XT*))
                0x0000000000408000                ___crt_xt_end__ = .

.tls            0x0000000000408000        0x0
                0x0000000000408000                ___tls_start__ = .
 *(.tls$AAA)
 *(.tls)
 *(.tls$)
 *(SORT(.tls$*))
 *(.tls$ZZZ)
                0x0000000000408000                ___tls_end__ = .

.endjunk        0x0000000000408000        0x0
                [!provide]                        PROVIDE (end, .)
                [!provide]                        PROVIDE (_end, .)
                0x0000000000408000                __end__ = .

.rsrc           0x0000000000408000      0x600
 *(.rsrc)
 .rsrc          0x0000000000408000      0x4e8 /usr/lib/gcc/i686-pc-cygwin/6.3.0/../../../default-manifest.o
 *(.rsrc$*)

.reloc
 *(.reloc)

.stab
 *(.stab)

.stabstr
 *(.stabstr)

.debug_aranges  0x0000000000409000      0x200
 *(.debug_aranges)
 .debug_aranges
                0x0000000000409000       0x20 /usr/lib/gcc/i686-pc-cygwin/6.3.0/../../../crt0.o
 .debug_aranges
                0x0000000000409020       0x20 /usr/lib/gcc/i686-pc-cygwin/6.3.0/../../../libcygwin.a(cygwin_crt0.o)
 .debug_aranges
                0x0000000000409040       0x20 /usr/lib/gcc/i686-pc-cygwin/6.3.0/../../../libcygwin.a(premain0.o)
 .debug_aranges
                0x0000000000409060       0x20 /usr/lib/gcc/i686-pc-cygwin/6.3.0/../../../libcygwin.a(premain1.o)
 .debug_aranges
                0x0000000000409080       0x20 /usr/lib/gcc/i686-pc-cygwin/6.3.0/../../../libcygwin.a(premain2.o)
 .debug_aranges
                0x00000000004090a0       0x20 /usr/lib/gcc/i686-pc-cygwin/6.3.0/../../../libcygwin.a(premain3.o)
 .debug_aranges
                0x00000000004090c0       0x20 /usr/lib/gcc/i686-pc-cygwin/6.3.0/../../../libcygwin.a(_cygwin_crt0_common.o)
 .debug_aranges
                0x00000000004090e0       0x20 /usr/lib/gcc/i686-pc-cygwin/6.3.0/../../../libcygwin.a(dll_entry.o)
 .debug_aranges
                0x0000000000409100       0x20 /usr/lib/gcc/i686-pc-cygwin/6.3.0/../../../libcygwin.a(dll_main.o)
 .debug_aranges
                0x0000000000409120       0x20 /usr/lib/gcc/i686-pc-cygwin/6.3.0/../../../libcygwin.a(pseudo-reloc-dummy.o)
 .debug_aranges
                0x0000000000409140       0x20 /usr/lib/gcc/i686-pc-cygwin/6.3.0/../../../libcygwin.a(cygwin_attach_dll.o)
 .debug_aranges
                0x0000000000409160       0x18 /usr/lib/gcc/i686-pc-cygwin/6.3.0/libgcc.a(_ctors.o)

.zdebug_aranges
 *(.zdebug_aranges)

.debug_pubnames
 *(.debug_pubnames)

.zdebug_pubnames
 *(.zdebug_pubnames)

.debug_pubtypes
 *(.debug_pubtypes)

.zdebug_pubtypes
 *(.zdebug_pubtypes)

.debug_info     0x000000000040a000     0x7e00
 *(.debug_info .gnu.linkonce.wi.*)
 .debug_info    0x000000000040a000      0x39c /usr/lib/gcc/i686-pc-cygwin/6.3.0/../../../crt0.o
 .debug_info    0x000000000040a39c      0x359 /usr/lib/gcc/i686-pc-cygwin/6.3.0/../../../libcygwin.a(cygwin_crt0.o)
 .debug_info    0x000000000040a6f5      0x239 /usr/lib/gcc/i686-pc-cygwin/6.3.0/../../../libcygwin.a(premain0.o)
 .debug_info    0x000000000040a92e      0x239 /usr/lib/gcc/i686-pc-cygwin/6.3.0/../../../libcygwin.a(premain1.o)
 .debug_info    0x000000000040ab67      0x239 /usr/lib/gcc/i686-pc-cygwin/6.3.0/../../../libcygwin.a(premain2.o)
 .debug_info    0x000000000040ada0      0x239 /usr/lib/gcc/i686-pc-cygwin/6.3.0/../../../libcygwin.a(premain3.o)
 .debug_info    0x000000000040afd9     0x25de /usr/lib/gcc/i686-pc-cygwin/6.3.0/../../../libcygwin.a(_cygwin_crt0_common.o)
 .debug_info    0x000000000040d5b7      0x871 /usr/lib/gcc/i686-pc-cygwin/6.3.0/../../../libcygwin.a(dll_entry.o)
 .debug_info    0x000000000040de28      0x3a2 /usr/lib/gcc/i686-pc-cygwin/6.3.0/../../../libcygwin.a(dll_main.o)
 .debug_info    0x000000000040e1ca      0x20f /usr/lib/gcc/i686-pc-cygwin/6.3.0/../../../libcygwin.a(pseudo-reloc-dummy.o)
 .debug_info    0x000000000040e3d9     0x1253 /usr/lib/gcc/i686-pc-cygwin/6.3.0/../../../libcygwin.a(cygwin_attach_dll.o)
 .debug_info    0x000000000040f62c     0x2656 /usr/lib/gcc/i686-pc-cygwin/6.3.0/libgcc.a(_ctors.o)

.zdebug_info
 *(.zdebug_info .zdebug.gnu.linkonce.wi.*)

.debug_abbrev   0x0000000000412000      0xe00
 *(.debug_abbrev)
 .debug_abbrev  0x0000000000412000       0x84 /usr/lib/gcc/i686-pc-cygwin/6.3.0/../../../crt0.o
 .debug_abbrev  0x0000000000412084       0x9b /usr/lib/gcc/i686-pc-cygwin/6.3.0/../../../libcygwin.a(cygwin_crt0.o)
 .debug_abbrev  0x000000000041211f       0x4f /usr/lib/gcc/i686-pc-cygwin/6.3.0/../../../libcygwin.a(premain0.o)
 .debug_abbrev  0x000000000041216e       0x4f /usr/lib/gcc/i686-pc-cygwin/6.3.0/../../../libcygwin.a(premain1.o)
 .debug_abbrev  0x00000000004121bd       0x4f /usr/lib/gcc/i686-pc-cygwin/6.3.0/../../../libcygwin.a(premain2.o)
 .debug_abbrev  0x000000000041220c       0x4f /usr/lib/gcc/i686-pc-cygwin/6.3.0/../../../libcygwin.a(premain3.o)
 .debug_abbrev  0x000000000041225b      0x3cc /usr/lib/gcc/i686-pc-cygwin/6.3.0/../../../libcygwin.a(_cygwin_crt0_common.o)
 .debug_abbrev  0x0000000000412627      0x1cb /usr/lib/gcc/i686-pc-cygwin/6.3.0/../../../libcygwin.a(dll_entry.o)
 .debug_abbrev  0x00000000004127f2       0x81 /usr/lib/gcc/i686-pc-cygwin/6.3.0/../../../libcygwin.a(dll_main.o)
 .debug_abbrev  0x0000000000412873       0x28 /usr/lib/gcc/i686-pc-cygwin/6.3.0/../../../libcygwin.a(pseudo-reloc-dummy.o)
 .debug_abbrev  0x000000000041289b      0x1f4 /usr/lib/gcc/i686-pc-cygwin/6.3.0/../../../libcygwin.a(cygwin_attach_dll.o)
 .debug_abbrev  0x0000000000412a8f      0x1e4 /usr/lib/gcc/i686-pc-cygwin/6.3.0/libgcc.a(_ctors.o)

.zdebug_abbrev
 *(.zdebug_abbrev)

.debug_line     0x0000000000413000     0x1000
 *(.debug_line)
 .debug_line    0x0000000000413000       0xd9 /usr/lib/gcc/i686-pc-cygwin/6.3.0/../../../crt0.o
 .debug_line    0x00000000004130d9       0x7a /usr/lib/gcc/i686-pc-cygwin/6.3.0/../../../libcygwin.a(cygwin_crt0.o)
 .debug_line    0x0000000000413153       0x6a /usr/lib/gcc/i686-pc-cygwin/6.3.0/../../../libcygwin.a(premain0.o)
 .debug_line    0x00000000004131bd       0x6a /usr/lib/gcc/i686-pc-cygwin/6.3.0/../../../libcygwin.a(premain1.o)
 .debug_line    0x0000000000413227       0x6a /usr/lib/gcc/i686-pc-cygwin/6.3.0/../../../libcygwin.a(premain2.o)
 .debug_line    0x0000000000413291       0x6a /usr/lib/gcc/i686-pc-cygwin/6.3.0/../../../libcygwin.a(premain3.o)
 .debug_line    0x00000000004132fb      0x56b /usr/lib/gcc/i686-pc-cygwin/6.3.0/../../../libcygwin.a(_cygwin_crt0_common.o)
 .debug_line    0x0000000000413866       0xfd /usr/lib/gcc/i686-pc-cygwin/6.3.0/../../../libcygwin.a(dll_entry.o)
 .debug_line    0x0000000000413963       0xad /usr/lib/gcc/i686-pc-cygwin/6.3.0/../../../libcygwin.a(dll_main.o)
 .debug_line    0x0000000000413a10       0x72 /usr/lib/gcc/i686-pc-cygwin/6.3.0/../../../libcygwin.a(pseudo-reloc-dummy.o)
 .debug_line    0x0000000000413a82      0x27f /usr/lib/gcc/i686-pc-cygwin/6.3.0/../../../libcygwin.a(cygwin_attach_dll.o)
 .debug_line    0x0000000000413d01      0x1d1 /usr/lib/gcc/i686-pc-cygwin/6.3.0/libgcc.a(_ctors.o)

.zdebug_line
 *(.zdebug_line)

.debug_frame
 *(.debug_frame*)

.zdebug_frame
 *(.zdebug_frame*)

.debug_str      0x0000000000414000      0x200
 *(.debug_str)
 .debug_str     0x0000000000414000       0x4c /usr/lib/gcc/i686-pc-cygwin/6.3.0/../../../crt0.o
 .debug_str     0x000000000041404c       0x16 /usr/lib/gcc/i686-pc-cygwin/6.3.0/../../../libcygwin.a(cygwin_crt0.o)
 .debug_str     0x0000000000414062        0x0 /usr/lib/gcc/i686-pc-cygwin/6.3.0/../../../libcygwin.a(premain0.o)
 .debug_str     0x0000000000414062        0x0 /usr/lib/gcc/i686-pc-cygwin/6.3.0/../../../libcygwin.a(premain1.o)
 .debug_str     0x0000000000414062        0x0 /usr/lib/gcc/i686-pc-cygwin/6.3.0/../../../libcygwin.a(premain2.o)
 .debug_str     0x0000000000414062        0x0 /usr/lib/gcc/i686-pc-cygwin/6.3.0/../../../libcygwin.a(premain3.o)
 .debug_str     0x0000000000414062       0x52 /usr/lib/gcc/i686-pc-cygwin/6.3.0/../../../libcygwin.a(_cygwin_crt0_common.o)
 .debug_str     0x00000000004140b4       0x44 /usr/lib/gcc/i686-pc-cygwin/6.3.0/../../../libcygwin.a(dll_entry.o)
 .debug_str     0x00000000004140f8        0x0 /usr/lib/gcc/i686-pc-cygwin/6.3.0/../../../libcygwin.a(dll_main.o)
 .debug_str     0x00000000004140f8        0x0 /usr/lib/gcc/i686-pc-cygwin/6.3.0/../../../libcygwin.a(pseudo-reloc-dummy.o)
 .debug_str     0x00000000004140f8       0x30 /usr/lib/gcc/i686-pc-cygwin/6.3.0/../../../libcygwin.a(cygwin_attach_dll.o)
 .debug_str     0x0000000000414128        0xe /usr/lib/gcc/i686-pc-cygwin/6.3.0/libgcc.a(_ctors.o)

.zdebug_str
 *(.zdebug_str)

.debug_loc      0x0000000000415000      0x200
 *(.debug_loc)
 .debug_loc     0x0000000000415000       0x73 /usr/lib/gcc/i686-pc-cygwin/6.3.0/../../../libcygwin.a(_cygwin_crt0_common.o)
 .debug_loc     0x0000000000415073      0x133 /usr/lib/gcc/i686-pc-cygwin/6.3.0/../../../libcygwin.a(dll_entry.o)

.zdebug_loc
 *(.zdebug_loc)

.debug_macinfo
 *(.debug_macinfo)

.zdebug_macinfo
 *(.zdebug_macinfo)

.debug_weaknames
 *(.debug_weaknames)

.zdebug_weaknames
 *(.zdebug_weaknames)

.debug_funcnames
 *(.debug_funcnames)

.zdebug_funcnames
 *(.zdebug_funcnames)

.debug_typenames
 *(.debug_typenames)

.zdebug_typenames
 *(.zdebug_typenames)

.debug_varnames
 *(.debug_varnames)

.zdebug_varnames
 *(.zdebug_varnames)

.debug_macro
 *(.debug_macro)

.zdebug_macro
 *(.zdebug_macro)

.debug_ranges   0x0000000000416000      0x200
 *(.debug_ranges)
 .debug_ranges  0x0000000000416000       0x18 /usr/lib/gcc/i686-pc-cygwin/6.3.0/../../../libcygwin.a(dll_entry.o)

.zdebug_ranges
 *(.zdebug_ranges)

.debug_types
 *(.debug_types .gnu.linkonce.wt.*)

.zdebug_types
 *(.zdebug_types .gnu.linkonce.wt.*)
OUTPUT(helloworld.exe pei-i386)
